{
  "textbookFiles": 16,
  "textbookEntries": 1740,
  "advancedLessons": 133,
  "advancedEntries": 2152,
  "totalEntries": 3892,
  "uniqueAudioSpecs": 2572,
  "reusableEntries": 1320,
  "entryKeyCollisions": 0,
  "voices": [
    "marin",
    "cedar"
  ],
  "requestedFiles": 5144,
  "concurrency": 6,
  "dryRun": false
}
已存在或沿用：36；本次待產生：5108
進度：10/5108（總完成 46/5144）
進度：20/5108（總完成 56/5144）
進度：30/5108（總完成 66/5144）
進度：40/5108（總完成 76/5144）
進度：50/5108（總完成 86/5144）
進度：60/5108（總完成 96/5144）
進度：70/5108（總完成 106/5144）
進度：80/5108（總完成 116/5144）
進度：90/5108（總完成 126/5144）
進度：100/5108（總完成 136/5144）
進度：110/5108（總完成 146/5144）
進度：120/5108（總完成 156/5144）
進度：130/5108（總完成 166/5144）
進度：140/5108（總完成 176/5144）
進度：150/5108（總完成 186/5144）
進度：160/5108（總完成 196/5144）
進度：170/5108（總完成 206/5144）
進度：180/5108（總完成 216/5144）
進度：190/5108（總完成 226/5144）
進度：200/5108（總完成 236/5144）
進度：210/5108（總完成 246/5144）
進度：220/5108（總完成 256/5144）
進度：230/5108（總完成 266/5144）
進度：240/5108（總完成 276/5144）
進度：250/5108（總完成 286/5144）
進度：260/5108（總完成 296/5144）
進度：270/5108（總完成 306/5144）
進度：280/5108（總完成 316/5144）
進度：290/5108（總完成 326/5144）
進度：300/5108（總完成 336/5144）
進度：310/5108（總完成 346/5144）
進度：320/5108（總完成 356/5144）
進度：330/5108（總完成 366/5144）
進度：340/5108（總完成 376/5144）
進度：350/5108（總完成 386/5144）
進度：360/5108（總完成 396/5144）
進度：370/5108（總完成 406/5144）
進度：380/5108（總完成 416/5144）
進度：390/5108（總完成 426/5144）
進度：400/5108（總完成 436/5144）
進度：410/5108（總完成 446/5144）
進度：420/5108（總完成 456/5144）
進度：430/5108（總完成 466/5144）
進度：440/5108（總完成 476/5144）
進度：450/5108（總完成 486/5144）
進度：460/5108（總完成 496/5144）
進度：470/5108（總完成 506/5144）
進度：480/5108（總完成 516/5144）
進度：490/5108（總完成 526/5144）
進度：500/5108（總完成 536/5144）
進度：510/5108（總完成 546/5144）
進度：520/5108（總完成 556/5144）
進度：530/5108（總完成 566/5144）
進度：540/5108（總完成 576/5144）
進度：550/5108（總完成 586/5144）
進度：560/5108（總完成 596/5144）
進度：570/5108（總完成 606/5144）
進度：580/5108（總完成 616/5144）
進度：590/5108（總完成 626/5144）
進度：600/5108（總完成 636/5144）
進度：610/5108（總完成 646/5144）
進度：620/5108（總完成 656/5144）
進度：630/5108（總完成 666/5144）
進度：640/5108（總完成 676/5144）
進度：650/5108（總完成 686/5144）
進度：660/5108（總完成 696/5144）
進度：670/5108（總完成 706/5144）
進度：680/5108（總完成 716/5144）
進度：690/5108（總完成 726/5144）
進度：700/5108（總完成 736/5144）
進度：710/5108（總完成 746/5144）
進度：720/5108（總完成 756/5144）
進度：730/5108（總完成 766/5144）
進度：740/5108（總完成 776/5144）
進度：750/5108（總完成 786/5144）
進度：760/5108（總完成 796/5144）
進度：770/5108（總完成 806/5144）
進度：780/5108（總完成 816/5144）
進度：790/5108（總完成 826/5144）
進度：800/5108（總完成 836/5144）
進度：810/5108（總完成 846/5144）
進度：820/5108（總完成 856/5144）
進度：830/5108（總完成 866/5144）
進度：840/5108（總完成 876/5144）
進度：850/5108（總完成 886/5144）
進度：860/5108（總完成 896/5144）
進度：870/5108（總完成 906/5144）
進度：880/5108（總完成 916/5144）
進度：890/5108（總完成 926/5144）
進度：900/5108（總完成 936/5144）
進度：910/5108（總完成 946/5144）
進度：920/5108（總完成 956/5144）
進度：930/5108（總完成 966/5144）
進度：940/5108（總完成 976/5144）
進度：950/5108（總完成 986/5144）
進度：960/5108（總完成 996/5144）
進度：970/5108（總完成 1006/5144）
進度：980/5108（總完成 1016/5144）
進度：990/5108（總完成 1026/5144）
進度：1000/5108（總完成 1036/5144）
進度：1010/5108（總完成 1046/5144）
進度：1020/5108（總完成 1056/5144）
進度：1030/5108（總完成 1066/5144）
進度：1040/5108（總完成 1076/5144）
進度：1050/5108（總完成 1086/5144）
進度：1060/5108（總完成 1096/5144）
進度：1070/5108（總完成 1106/5144）
進度：1080/5108（總完成 1116/5144）
進度：1090/5108（總完成 1126/5144）
進度：1100/5108（總完成 1136/5144）
進度：1110/5108（總完成 1146/5144）
進度：1120/5108（總完成 1156/5144）
進度：1130/5108（總完成 1166/5144）
進度：1140/5108（總完成 1176/5144）
進度：1150/5108（總完成 1186/5144）
進度：1160/5108（總完成 1196/5144）
進度：1170/5108（總完成 1206/5144）
進度：1180/5108（總完成 1216/5144）
進度：1190/5108（總完成 1226/5144）
進度：1200/5108（總完成 1236/5144）
進度：1210/5108（總完成 1246/5144）
進度：1220/5108（總完成 1256/5144）
進度：1230/5108（總完成 1266/5144）
進度：1240/5108（總完成 1276/5144）
進度：1250/5108（總完成 1286/5144）
進度：1260/5108（總完成 1296/5144）
進度：1270/5108（總完成 1306/5144）
進度：1280/5108（總完成 1316/5144）
進度：1290/5108（總完成 1326/5144）
進度：1300/5108（總完成 1336/5144）
進度：1310/5108（總完成 1346/5144）
進度：1320/5108（總完成 1356/5144）
進度：1330/5108（總完成 1366/5144）
進度：1340/5108（總完成 1376/5144）
進度：1350/5108（總完成 1386/5144）
進度：1360/5108（總完成 1396/5144）
進度：1370/5108（總完成 1406/5144）
進度：1380/5108（總完成 1416/5144）
進度：1390/5108（總完成 1426/5144）
進度：1400/5108（總完成 1436/5144）
進度：1410/5108（總完成 1446/5144）
進度：1420/5108（總完成 1456/5144）
進度：1430/5108（總完成 1466/5144）
進度：1440/5108（總完成 1476/5144）
進度：1450/5108（總完成 1486/5144）
進度：1460/5108（總完成 1496/5144）
進度：1470/5108（總完成 1506/5144）
進度：1480/5108（總完成 1516/5144）
進度：1490/5108（總完成 1526/5144）
進度：1500/5108（總完成 1536/5144）
進度：1510/5108（總完成 1546/5144）
進度：1520/5108（總完成 1556/5144）
進度：1530/5108（總完成 1566/5144）
進度：1540/5108（總完成 1576/5144）
進度：1550/5108（總完成 1586/5144）
進度：1560/5108（總完成 1596/5144）
進度：1570/5108（總完成 1606/5144）
進度：1580/5108（總完成 1616/5144）
進度：1590/5108（總完成 1626/5144）
進度：1600/5108（總完成 1636/5144）
進度：1610/5108（總完成 1646/5144）
進度：1620/5108（總完成 1656/5144）
進度：1630/5108（總完成 1666/5144）
進度：1640/5108（總完成 1676/5144）
進度：1650/5108（總完成 1686/5144）
進度：1660/5108（總完成 1696/5144）
進度：1670/5108（總完成 1706/5144）
進度：1680/5108（總完成 1716/5144）
進度：1690/5108（總完成 1726/5144）
進度：1700/5108（總完成 1736/5144）
進度：1710/5108（總完成 1746/5144）
進度：1720/5108（總完成 1756/5144）
進度：1730/5108（總完成 1766/5144）
進度：1740/5108（總完成 1776/5144）
進度：1750/5108（總完成 1786/5144）
進度：1760/5108（總完成 1796/5144）
進度：1770/5108（總完成 1806/5144）
進度：1780/5108（總完成 1816/5144）
進度：1790/5108（總完成 1826/5144）
進度：1800/5108（總完成 1836/5144）
進度：1810/5108（總完成 1846/5144）
進度：1820/5108（總完成 1856/5144）
進度：1830/5108（總完成 1866/5144）
進度：1840/5108（總完成 1876/5144）
進度：1850/5108（總完成 1886/5144）
進度：1860/5108（總完成 1896/5144）
進度：1870/5108（總完成 1906/5144）
進度：1880/5108（總完成 1916/5144）
進度：1890/5108（總完成 1926/5144）
進度：1900/5108（總完成 1936/5144）
進度：1910/5108（總完成 1946/5144）
進度：1920/5108（總完成 1956/5144）
進度：1930/5108（總完成 1966/5144）
進度：1940/5108（總完成 1976/5144）
進度：1950/5108（總完成 1986/5144）
進度：1960/5108（總完成 1996/5144）
進度：1970/5108（總完成 2006/5144）
進度：1980/5108（總完成 2016/5144）
進度：1990/5108（總完成 2026/5144）
進度：2000/5108（總完成 2036/5144）
進度：2010/5108（總完成 2046/5144）
進度：2020/5108（總完成 2056/5144）
進度：2030/5108（總完成 2066/5144）
進度：2040/5108（總完成 2076/5144）
進度：2050/5108（總完成 2086/5144）
進度：2060/5108（總完成 2096/5144）
進度：2070/5108（總完成 2106/5144）
進度：2080/5108（總完成 2116/5144）
進度：2090/5108（總完成 2126/5144）
進度：2100/5108（總完成 2136/5144）
進度：2110/5108（總完成 2146/5144）
進度：2120/5108（總完成 2156/5144）
進度：2130/5108（總完成 2166/5144）
進度：2140/5108（總完成 2176/5144）
進度：2150/5108（總完成 2186/5144）
進度：2160/5108（總完成 2196/5144）
進度：2170/5108（總完成 2206/5144）
進度：2180/5108（總完成 2216/5144）
進度：2190/5108（總完成 2226/5144）
進度：2200/5108（總完成 2236/5144）
進度：2210/5108（總完成 2246/5144）
進度：2220/5108（總完成 2256/5144）
進度：2230/5108（總完成 2266/5144）
進度：2240/5108（總完成 2276/5144）
進度：2250/5108（總完成 2286/5144）
進度：2260/5108（總完成 2296/5144）
進度：2270/5108（總完成 2306/5144）
進度：2280/5108（總完成 2316/5144）
進度：2290/5108（總完成 2326/5144）
進度：2300/5108（總完成 2336/5144）
進度：2310/5108（總完成 2346/5144）
進度：2320/5108（總完成 2356/5144）
進度：2330/5108（總完成 2366/5144）
進度：2340/5108（總完成 2376/5144）
進度：2350/5108（總完成 2386/5144）
進度：2360/5108（總完成 2396/5144）
進度：2370/5108（總完成 2406/5144）
進度：2380/5108（總完成 2416/5144）
進度：2390/5108（總完成 2426/5144）
進度：2400/5108（總完成 2436/5144）
進度：2410/5108（總完成 2446/5144）
進度：2420/5108（總完成 2456/5144）
進度：2430/5108（總完成 2466/5144）
進度：2440/5108（總完成 2476/5144）
進度：2450/5108（總完成 2486/5144）
進度：2460/5108（總完成 2496/5144）
進度：2470/5108（總完成 2506/5144）
進度：2480/5108（總完成 2516/5144）
進度：2490/5108（總完成 2526/5144）
進度：2500/5108（總完成 2536/5144）
進度：2510/5108（總完成 2546/5144）
進度：2520/5108（總完成 2556/5144）
進度：2530/5108（總完成 2566/5144）
進度：2540/5108（總完成 2576/5144）
進度：2550/5108（總完成 2586/5144）
進度：2560/5108（總完成 2596/5144）
進度：2570/5108（總完成 2606/5144）
進度：2580/5108（總完成 2616/5144）
進度：2590/5108（總完成 2626/5144）
進度：2600/5108（總完成 2636/5144）
進度：2610/5108（總完成 2646/5144）
進度：2620/5108（總完成 2656/5144）
進度：2630/5108（總完成 2666/5144）
進度：2640/5108（總完成 2676/5144）
進度：2650/5108（總完成 2686/5144）
進度：2660/5108（總完成 2696/5144）
進度：2670/5108（總完成 2706/5144）
進度：2680/5108（總完成 2716/5144）
進度：2690/5108（總完成 2726/5144）
進度：2700/5108（總完成 2736/5144）
進度：2710/5108（總完成 2746/5144）
進度：2720/5108（總完成 2756/5144）
進度：2730/5108（總完成 2766/5144）
進度：2740/5108（總完成 2776/5144）
進度：2750/5108（總完成 2786/5144）
進度：2760/5108（總完成 2796/5144）
進度：2770/5108（總完成 2806/5144）
進度：2780/5108（總完成 2816/5144）
進度：2790/5108（總完成 2826/5144）
進度：2800/5108（總完成 2836/5144）
進度：2810/5108（總完成 2846/5144）
進度：2820/5108（總完成 2856/5144）
進度：2830/5108（總完成 2866/5144）
進度：2840/5108（總完成 2876/5144）
進度：2850/5108（總完成 2886/5144）
進度：2860/5108（總完成 2896/5144）
進度：2870/5108（總完成 2906/5144）
進度：2880/5108（總完成 2916/5144）
進度：2890/5108（總完成 2926/5144）
進度：2900/5108（總完成 2936/5144）
進度：2910/5108（總完成 2946/5144）
進度：2920/5108（總完成 2956/5144）
進度：2930/5108（總完成 2966/5144）
進度：2940/5108（總完成 2976/5144）
進度：2950/5108（總完成 2986/5144）
進度：2960/5108（總完成 2996/5144）
進度：2970/5108（總完成 3006/5144）
進度：2980/5108（總完成 3016/5144）
進度：2990/5108（總完成 3026/5144）
進度：3000/5108（總完成 3036/5144）
進度：3010/5108（總完成 3046/5144）
進度：3020/5108（總完成 3056/5144）
進度：3030/5108（總完成 3066/5144）
進度：3040/5108（總完成 3076/5144）
進度：3050/5108（總完成 3086/5144）
進度：3060/5108（總完成 3096/5144）
進度：3070/5108（總完成 3106/5144）
進度：3080/5108（總完成 3116/5144）
進度：3090/5108（總完成 3126/5144）
進度：3100/5108（總完成 3136/5144）
進度：3110/5108（總完成 3146/5144）
進度：3120/5108（總完成 3156/5144）
進度：3130/5108（總完成 3166/5144）
進度：3140/5108（總完成 3176/5144）
進度：3150/5108（總完成 3186/5144）
進度：3160/5108（總完成 3196/5144）
進度：3170/5108（總完成 3206/5144）
進度：3180/5108（總完成 3216/5144）
進度：3190/5108（總完成 3226/5144）
進度：3200/5108（總完成 3236/5144）
進度：3210/5108（總完成 3246/5144）
進度：3220/5108（總完成 3256/5144）
進度：3230/5108（總完成 3266/5144）
進度：3240/5108（總完成 3276/5144）
進度：3250/5108（總完成 3286/5144）
進度：3260/5108（總完成 3296/5144）
進度：3270/5108（總完成 3306/5144）
進度：3280/5108（總完成 3316/5144）
進度：3290/5108（總完成 3326/5144）
進度：3300/5108（總完成 3336/5144）
進度：3310/5108（總完成 3346/5144）
進度：3320/5108（總完成 3356/5144）
進度：3330/5108（總完成 3366/5144）
進度：3340/5108（總完成 3376/5144）
進度：3350/5108（總完成 3386/5144）
進度：3360/5108（總完成 3396/5144）
進度：3370/5108（總完成 3406/5144）
進度：3380/5108（總完成 3416/5144）
進度：3390/5108（總完成 3426/5144）
進度：3400/5108（總完成 3436/5144）
進度：3410/5108（總完成 3446/5144）
進度：3420/5108（總完成 3456/5144）
進度：3430/5108（總完成 3466/5144）
進度：3440/5108（總完成 3476/5144）
進度：3450/5108（總完成 3486/5144）
進度：3460/5108（總完成 3496/5144）
進度：3470/5108（總完成 3506/5144）
進度：3480/5108（總完成 3516/5144）
進度：3490/5108（總完成 3526/5144）
進度：3500/5108（總完成 3536/5144）
進度：3510/5108（總完成 3546/5144）
進度：3520/5108（總完成 3556/5144）
進度：3530/5108（總完成 3566/5144）
進度：3540/5108（總完成 3576/5144）
進度：3550/5108（總完成 3586/5144）
進度：3560/5108（總完成 3596/5144）
進度：3570/5108（總完成 3606/5144）
進度：3580/5108（總完成 3616/5144）
進度：3590/5108（總完成 3626/5144）
進度：3600/5108（總完成 3636/5144）
進度：3610/5108（總完成 3646/5144）
進度：3620/5108（總完成 3656/5144）
進度：3630/5108（總完成 3666/5144）
進度：3640/5108（總完成 3676/5144）
進度：3650/5108（總完成 3686/5144）
進度：3660/5108（總完成 3696/5144）
進度：3670/5108（總完成 3706/5144）
進度：3680/5108（總完成 3716/5144）
進度：3690/5108（總完成 3726/5144）
進度：3700/5108（總完成 3736/5144）
進度：3710/5108（總完成 3746/5144）
進度：3720/5108（總完成 3756/5144）
進度：3730/5108（總完成 3766/5144）
進度：3740/5108（總完成 3776/5144）
進度：3750/5108（總完成 3786/5144）
進度：3760/5108（總完成 3796/5144）
進度：3770/5108（總完成 3806/5144）
進度：3780/5108（總完成 3816/5144）
進度：3790/5108（總完成 3826/5144）
進度：3800/5108（總完成 3836/5144）
進度：3810/5108（總完成 3846/5144）
進度：3820/5108（總完成 3856/5144）
進度：3830/5108（總完成 3866/5144）
進度：3840/5108（總完成 3876/5144）
進度：3850/5108（總完成 3886/5144）
進度：3860/5108（總完成 3896/5144）
進度：3870/5108（總完成 3906/5144）
進度：3880/5108（總完成 3916/5144）
進度：3890/5108（總完成 3926/5144）
進度：3900/5108（總完成 3936/5144）
進度：3910/5108（總完成 3946/5144）
進度：3920/5108（總完成 3956/5144）
進度：3930/5108（總完成 3966/5144）
進度：3940/5108（總完成 3976/5144）
進度：3950/5108（總完成 3986/5144）
進度：3960/5108（總完成 3996/5144）
進度：3970/5108（總完成 4006/5144）
進度：3980/5108（總完成 4016/5144）
進度：3990/5108（總完成 4026/5144）
進度：4000/5108（總完成 4036/5144）
進度：4010/5108（總完成 4046/5144）
進度：4020/5108（總完成 4056/5144）
進度：4030/5108（總完成 4066/5144）
進度：4040/5108（總完成 4076/5144）
進度：4050/5108（總完成 4086/5144）
進度：4060/5108（總完成 4096/5144）
進度：4070/5108（總完成 4106/5144）
進度：4080/5108（總完成 4116/5144）
進度：4090/5108（總完成 4126/5144）
進度：4100/5108（總完成 4136/5144）
進度：4110/5108（總完成 4146/5144）
進度：4120/5108（總完成 4156/5144）
進度：4130/5108（總完成 4166/5144）
進度：4140/5108（總完成 4176/5144）
進度：4150/5108（總完成 4186/5144）
進度：4160/5108（總完成 4196/5144）
進度：4170/5108（總完成 4206/5144）
進度：4180/5108（總完成 4216/5144）
進度：4190/5108（總完成 4226/5144）
進度：4200/5108（總完成 4236/5144）
進度：4210/5108（總完成 4246/5144）
進度：4220/5108（總完成 4256/5144）
進度：4230/5108（總完成 4266/5144）
進度：4240/5108（總完成 4276/5144）
進度：4250/5108（總完成 4286/5144）
進度：4260/5108（總完成 4296/5144）
進度：4270/5108（總完成 4306/5144）
進度：4280/5108（總完成 4316/5144）
進度：4290/5108（總完成 4326/5144）
進度：4300/5108（總完成 4336/5144）
進度：4310/5108（總完成 4346/5144）
進度：4320/5108（總完成 4356/5144）
進度：4330/5108（總完成 4366/5144）
進度：4340/5108（總完成 4376/5144）
進度：4350/5108（總完成 4386/5144）
進度：4360/5108（總完成 4396/5144）
進度：4370/5108（總完成 4406/5144）
進度：4380/5108（總完成 4416/5144）
進度：4390/5108（總完成 4426/5144）
進度：4400/5108（總完成 4436/5144）
進度：4410/5108（總完成 4446/5144）
進度：4420/5108（總完成 4456/5144）
進度：4430/5108（總完成 4466/5144）
進度：4440/5108（總完成 4476/5144）
進度：4450/5108（總完成 4486/5144）
進度：4460/5108（總完成 4496/5144）
進度：4470/5108（總完成 4506/5144）
進度：4480/5108（總完成 4516/5144）
進度：4490/5108（總完成 4526/5144）
進度：4500/5108（總完成 4536/5144）
進度：4510/5108（總完成 4546/5144）
進度：4520/5108（總完成 4556/5144）
進度：4530/5108（總完成 4566/5144）
進度：4540/5108（總完成 4576/5144）
進度：4550/5108（總完成 4586/5144）
進度：4560/5108（總完成 4596/5144）
進度：4570/5108（總完成 4606/5144）
進度：4580/5108（總完成 4616/5144）
進度：4590/5108（總完成 4626/5144）
進度：4600/5108（總完成 4636/5144）
進度：4610/5108（總完成 4646/5144）
進度：4620/5108（總完成 4656/5144）
進度：4630/5108（總完成 4666/5144）
進度：4640/5108（總完成 4676/5144）
進度：4650/5108（總完成 4686/5144）
進度：4660/5108（總完成 4696/5144）
進度：4670/5108（總完成 4706/5144）
進度：4680/5108（總完成 4716/5144）
進度：4690/5108（總完成 4726/5144）
進度：4700/5108（總完成 4736/5144）
進度：4710/5108（總完成 4746/5144）
進度：4720/5108（總完成 4756/5144）
進度：4730/5108（總完成 4766/5144）
進度：4740/5108（總完成 4776/5144）
進度：4750/5108（總完成 4786/5144）
進度：4760/5108（總完成 4796/5144）
進度：4770/5108（總完成 4806/5144）
進度：4780/5108（總完成 4816/5144）
進度：4790/5108（總完成 4826/5144）
進度：4800/5108（總完成 4836/5144）
進度：4810/5108（總完成 4846/5144）
進度：4820/5108（總完成 4856/5144）
進度：4830/5108（總完成 4866/5144）
進度：4840/5108（總完成 4876/5144）
進度：4850/5108（總完成 4886/5144）
進度：4860/5108（總完成 4896/5144）
進度：4870/5108（總完成 4906/5144）
進度：4880/5108（總完成 4916/5144）
進度：4890/5108（總完成 4926/5144）
進度：4900/5108（總完成 4936/5144）
進度：4910/5108（總完成 4946/5144）
進度：4920/5108（總完成 4956/5144）
進度：4930/5108（總完成 4966/5144）
進度：4940/5108（總完成 4976/5144）
進度：4950/5108（總完成 4986/5144）
進度：4960/5108（總完成 4996/5144）
進度：4970/5108（總完成 5006/5144）
進度：4980/5108（總完成 5016/5144）
進度：4990/5108（總完成 5026/5144）
進度：5000/5108（總完成 5036/5144）
進度：5010/5108（總完成 5046/5144）
進度：5020/5108（總完成 5056/5144）
進度：5030/5108（總完成 5066/5144）
進度：5040/5108（總完成 5076/5144）
進度：5050/5108（總完成 5086/5144）
進度：5060/5108（總完成 5096/5144）
進度：5070/5108（總完成 5106/5144）
進度：5080/5108（總完成 5116/5144）
進度：5090/5108（總完成 5126/5144）
進度：5100/5108（總完成 5136/5144）
進度：5108/5108（總完成 5144/5144）
完成：5144/5144 個音檔。
